  openisd_drivers (OpenIsd drivers): 1904 drivers
  openisd_drivers (OpenIsd drivers): 76 passive radiators (meta-only)

Bundled 1904 WDR files + 76 passive radiators → packages/ui/src/drivers-bundle.json (1973 KB raw)

> openisd@0.1.0 lint
> eslint packages/


/home/john/work/winisd/openisd/packages/ui/test/driver-search.browser.spec.ts
  15:6  warning  Unexpected use of the `.skip()` annotation  playwright/no-skipped-test

✖ 1 problem (0 errors, 1 warning)


> openisd@0.1.0 typecheck
> npm run typecheck:engine && npm run typecheck:winisd && npm run typecheck:ui


> openisd@0.1.0 typecheck:engine
> tsc -p packages/engine --noEmit


> openisd@0.1.0 typecheck:winisd
> tsc -p packages/winisd --noEmit


> openisd@0.1.0 typecheck:ui
> vue-tsc -p packages/ui --noEmit


> openisd@0.1.0 test
> npm run test:unit && npx playwright test


> openisd@0.1.0 test:unit
> vitest run


 RUN  v3.2.6 /home/john/work/winisd/openisd

 ✓ |ui| test/units.test.ts (7 tests) 35ms
 ✓ |ui| test/fieldRegistry.test.ts (6 tests) 46ms
 ✓ |ui| test/fileSave.test.ts (9 tests) 34ms
 ✓ |engine| test/complex.test.ts (35 tests) 26ms
 ✓ |engine| test/driver.test.ts (24 tests) 32ms
 ✓ |engine| test/power-compression.test.ts (2 tests) 55ms
 ✓ |engine| test/added-mass.test.ts (4 tests) 54ms
 ✓ |engine| test/sweep.test.ts (10 tests) 54ms
 ✓ |engine| test/engine.test.ts (33 tests) 51ms
 ✓ |engine| test/golden.test.ts (6 tests) 111ms
 ✓ |ui| test/wprMapping.test.ts (8 tests) 30ms
 ✓ |winisd| test/driver-json.test.ts (5 tests) 39ms
 ✓ |winisd| test/driver-derive.test.ts (7 tests) 29ms
 ✓ |winisd| test/wdr.test.ts (9 tests) 23ms
 ✓ |winisd| test/wpr.test.ts (10 tests) 77ms
 ✓ |ui| test/persist.test.ts (10 tests) 142ms
 ✓ |ui| test/store-filters-reactivity.test.ts (2 tests) 75ms
 ✓ |engine| test/architecture.test.ts (3 tests) 53ms
 ✓ |ui| test/drivers-bundle.test.ts (8 tests) 127ms
 ✓ |winisd| test/driver-projection.test.ts (8 tests) 41ms
 ✓ |engine| test/circuit.test.ts (8 tests) 32ms
 ✓ |winisd| test/driver-class.test.ts (10 tests) 33ms
 ✓ |engine| test/formulas.test.ts (9 tests) 30ms
 ✓ |ui| test/toneGenerator.test.ts (5 tests) 19ms
 ✓ |ui| test/skins.test.ts (5 tests) 22ms
 ✓ |ui| test/config.test.ts (2 tests) 9ms
 ✓ |ui| test/series.test.ts (4 tests) 27ms
 ✓ |engine| test/alignments.test.ts (28 tests) 36ms
 ✓ |winisd| test/driver-roundtrip.test.ts (4 tests) 21ms
 ✓ |winisd| test/roundtrip.test.ts (3 tests) 24ms

 Test Files  30 passed (30)
      Tests  284 passed (284)
   Start at  04:26:16
   Duration  4.82s (transform 5.07s, setup 0ms, collect 16.68s, tests 1.39s, environment 35ms, prepare 13.36s)


Running 122 tests using 9 workers

  -    1 packages/ui/test/driver-search.browser.spec.ts:15:6 › driver library search returns only matching drivers (and renders the duplicate-name case)
  ✓    7 packages/ui/test/micka-crosscheck.browser.spec.ts:44:3 › micka.de: Sealed Butterworth: Fs=37Hz, Qts=0.38, Vas=30L → Qtc=0.707 (3.4s)
  ✓   11 packages/ui/test/micka-crosscheck.browser.spec.ts:44:3 › micka.de: Vented 30L box, ø5cm×10cm port: Fs=37Hz, Qts=0.38, Vas=30L (2.9s)
  ✓    3 packages/ui/test/driver-invalid.browser.spec.ts:16:1 › setting Fs to 0 shows a per-chart error message instead of crashing or blanking (8.8s)
  ✓    4 packages/ui/test/modal-escape.browser.spec.ts:6:1 › Escape dismisses the driver library modal (9.5s)
  ✓    6 packages/ui/test/original-skin.browser.spec.ts:55:1 › choosing Original swaps to the ported WinISD shell (titlebar, projects, graph) (11.0s)
  ✓    8 packages/ui/test/classic-skin.browser.spec.ts:14:1 › choosing Classic swaps to the WinISD shell (Projects, tab rail, Color) (12.8s)
  ✓    9 packages/ui/test/original-layout.browser.spec.ts:45:1 › the pin button is named ＋ Clone/Compare (13.9s)
  ✓   10 packages/ui/test/app.browser.spec.ts:8:1 › app shell renders — side panel and graph grid are populated (14.5s)
  ✓   13 packages/ui/test/driver-invalid.browser.spec.ts:44:1 › setting Re to 0 (a different required field) also shows the per-chart message (8.9s)
  ✓   12 packages/ui/test/pr-library.browser.spec.ts:18:1 › Browse-PR popup lists bundled passive radiators and loads one (11.5s)
  ✓   14 packages/ui/test/modal-escape.browser.spec.ts:15:1 › Escape dismisses the Define Driver modal (10.2s)
  ✓    5 packages/ui/test/chart-zoom.browser.spec.ts:23:1 › frequency dropdown defaults to 1–20 kHz (20.5s)
  ✓   15 packages/ui/test/original-skin.browser.spec.ts:62:1 › the toolbar ports the mock icon buttons + chart-select (9.5s)
  ✓   16 packages/ui/test/classic-skin.browser.spec.ts:29:1 › the 3rd rail tab label tracks the box type (specialist tab) (9.1s)
  ✓   17 packages/ui/test/original-layout.browser.spec.ts:49:1 › project rows are [checkbox] Name only; the Close button under the list removes the SELECTED overlay (10.4s)
  ✓    2 packages/ui/test/persistence.browser.spec.ts:8:1 › state persists via one key (openisd.state) and never writes the redundant openisd_v2 (25.4s)
  ✓   20 packages/ui/test/save-export.browser.spec.ts:46:3 › Original skin — Save / Save-As-&-Export › Save prompts the (stubbed) picker and writes a valid OpenISD project JSON (10.2s)
  ✓   21 packages/ui/test/modal-escape.browser.spec.ts:26:1 › Escape dismisses the Driver editor modal (8.8s)
  ✓   19 packages/ui/test/driver-invalid.browser.spec.ts:56:1 › missing Pe drops only the thermal-limit line — Max-SPL chart still draws, and the issue is listed (dismissable) (11.1s)
  ✓   23 packages/ui/test/original-skin.browser.spec.ts:69:1 › the chart-select dropdown switches the shared GraphPanel (10.7s)
  ✓   18 packages/ui/test/app.browser.spec.ts:14:1 › in-browser self-test passes all three physics gates (16.7s)
  ✓   24 packages/ui/test/classic-skin.browser.spec.ts:45:1 › the tab rail switches editors — Driver uses the WinISD layout, Box reuses the shared BoxPanel (11.2s)
  ✓   22 packages/ui/test/chart-zoom.browser.spec.ts:27:1 › choosing 1–500 Hz narrows the range; charts still render (16.0s)
  ✓   25 packages/ui/test/original-layout.browser.spec.ts:68:1 › the left panel collapses and expands via the splitter toggle (11.7s)
  ✓   26 packages/ui/test/visual.browser.spec.ts:77:1 › SPL panel renders correctly for sealed 20L box (12.0s)
  ✓   27 packages/ui/test/save-export.browser.spec.ts:57:3 › Original skin — Save / Save-As-&-Export › Save twice reuses the SAME retained handle — only the first click prompts the picker (11.4s)
  ✓   29 packages/ui/test/driver-invalid.browser.spec.ts:86:1 › box volume Vb = 0 surfaces a blocking "no usable values" error (finiteness postcondition) (11.5s)
  ✓   28 packages/ui/test/modal-escape.browser.spec.ts:38:1 › Escape dismisses the passive-radiator Edit modal (11.8s)
  ✓   31 packages/ui/test/app.browser.spec.ts:29:1 › box type change to sealed re-renders enclosure panel (10.5s)
  ✓   32 packages/ui/test/classic-skin.browser.spec.ts:58:1 › the chart-type selector re-renders the shared GraphPanel (9.6s)
  ✓   30 packages/ui/test/original-skin.browser.spec.ts:77:1 › all seven project tabs render their ported content (12.2s)
  ✓   34 packages/ui/test/original-layout.browser.spec.ts:76:1 › the left panel resizes by dragging the vertical splitter (9.5s)
  ✓   35 packages/ui/test/visual.browser.spec.ts:97:1 › SPL panel renders correctly for vented 30L box with ø5cm×10cm port (11.3s)
  ✓   36 packages/ui/test/save-export.browser.spec.ts:64:3 › Original skin — Save / Save-As-&-Export › the menu has no separate "Save" toolbar button anymore — Save As lives in the combined menu (10.1s)
  ✓   37 packages/ui/test/driver-invalid.browser.spec.ts:107:1 › missing Xmax drops only the excursion limit line — Excursion chart still draws, issue is a warning (10.3s)
  ✓   38 packages/ui/test/app.browser.spec.ts:34:1 › box type change to vented shows vent controls (9.6s)
  ✓   33 packages/ui/test/chart-zoom.browser.spec.ts:33:1 › choosing 1–40 kHz zooms all the way out (16.0s)
  ✓   40 packages/ui/test/original-skin.browser.spec.ts:97:1 › the Box tab exposes all six box types and drives the shared store for supported ones (10.5s)
  ✓   41 packages/ui/test/original-layout.browser.spec.ts:87:1 › the bottom section collapses (chart grows) and expands via the splitter toggle (10.3s)
  ✓   43 packages/ui/test/save-export.browser.spec.ts:68:3 › Original skin — Save / Save-As-&-Export › Save As... (Save-As/Export menu) always re-prompts the picker, even after a prior Save (7.3s)
  ✓   42 packages/ui/test/visual.browser.spec.ts:120:1 › SPL panel renders correctly for bandpass4 15L+20L box (9.2s)
  ✓   44 packages/ui/test/app.browser.spec.ts:40:1 › End-correction selector retunes the vent Fb — BoxPanel AND StatBar agree (shared, Modern/Classic) (8.3s)
  ✓   39 packages/ui/test/classic-skin.browser.spec.ts:69:1 › the chosen skin is remembered across a reload (local preference) (17.4s)
  ✓   46 packages/ui/test/original-skin.browser.spec.ts:114:1 › the Closed (sealed) box hides the dynamic enclosure tab — Volume lives only on the Box tab (7.3s)
  ✓   47 packages/ui/test/original-layout.browser.spec.ts:97:1 › the bottom section resizes by dragging the horizontal splitter (7.0s)
  ✓   48 packages/ui/test/save-export.browser.spec.ts:77:3 › Original skin — Save / Save-As-&-Export › Save-As/Export menu → Save as WinISD project (.wpr) downloads a well-formed INI file (7.8s)
  ✓   49 packages/ui/test/visual.browser.spec.ts:147:1 › SPL panel renders correctly for passive radiator 30L box (8.7s)
  ✓   51 packages/ui/test/classic-skin.browser.spec.ts:77:1 › Classic skin: Options dialog → "Reset to Metric" reverts a toggled unit (L → cu ft) without touching the model (8.4s)
  ✓   50 packages/ui/test/app.browser.spec.ts:59:1 › shared BoxPanel reads decimal places from the field registry (vent diameter = 2 dp) (8.5s)
  ✓   52 packages/ui/test/original-skin.browser.spec.ts:129:1 › an externally loaded box type re-syncs the Box tab (no desync while pending) (8.1s)
  ✓   53 packages/ui/test/original-layout.browser.spec.ts:108:1 › chart maximise fills the main area, keeps the toolbar, and restores (8.1s)
  ✓   45 packages/ui/test/chart-zoom.browser.spec.ts:39:1 › the chosen frequency range persists across reload (19.5s)
  ✓   54 packages/ui/test/save-export.browser.spec.ts:94:3 › Original skin — Save / Save-As-&-Export › Save-As/Export menu → Export driver (.wdr) still downloads a .wdr file (unchanged action) (7.4s)
  ✓   55 packages/ui/test/app.browser.spec.ts:67:1 › share link encodes state in URL hash (4.8s)
  ✓   56 packages/ui/test/original-skin.browser.spec.ts:146:1 › the box-losses modal opens from the Box tab and closes (6.0s)

[browser diagnostics — "hovering the chart draws ONE horizontal level line where the cursor crosses the curve"]
{
  "consoleErrors": [],
  "consoleWarnings": [
    "Canvas2D: Multiple readback operations using getImageData are faster with the willReadFrequently attribute set to true. See: https://html.spec.whatwg.org/multipage/canvas.html#concept-canvas-will-read-frequently"
  ],
  "pageErrors": [],
  "networkErrors": []
}

  ✓   57 packages/ui/test/original-layout.browser.spec.ts:121:1 › hovering the chart draws ONE horizontal level line where the cursor crosses the curve (5.6s)
  ✓   59 packages/ui/test/save-export.browser.spec.ts:103:3 › Original skin — Save / Save-As-&-Export › Save-As/Export menu → Share link (http:) writes the design into the address bar (6.5s)
  ✓   60 packages/ui/test/app.browser.spec.ts:141:1 › sealed box: Fs=37Hz, Qts=0.38, Vas=30L driver in 20L box shows Qtc=0.601 and fc=58.5Hz in stat bar (6.5s)
  ✓   58 packages/ui/test/chart-zoom.browser.spec.ts:58:1 › dragging the X axis changes the frequency range (dropdown shows custom) (9.3s)
  ✓   61 packages/ui/test/original-skin.browser.spec.ts:155:1 › the Color button cycles the current design trace colour (and wraps) (6.1s)
  ✓   62 packages/ui/test/original-layout.browser.spec.ts:129:1 › a drag-select draws a horizontal level line for BOTH selection cursors (5.6s)
  ✓   63 packages/ui/test/save-export.browser.spec.ts:112:3 › Modern and Classic skins — Save/Save-As-&-Export are wired identically › Modern header exposes Save and the combined Save-As/Export menu (no separate Save As button) (4.6s)
  ✓   64 packages/ui/test/app.browser.spec.ts:166:1 › sealed box: Fs=37Hz,Qts=0.38,Vas=30L — Butterworth button sets Vb so stat bar shows Qtc=0.707 and fc=68.8Hz (5.5s)
  ✓   65 packages/ui/test/chart-zoom.browser.spec.ts:66:1 › double-clicking the X axis resets the frequency range to 1–20 kHz (6.6s)
  ✓   66 packages/ui/test/original-skin.browser.spec.ts:166:1 › the bandpass Box tab shows calculated Frc + Tuning-freq readouts (real values) (6.3s)
  ✓   67 packages/ui/test/save-export.browser.spec.ts:119:3 › Modern and Classic skins — Save/Save-As-&-Export are wired identically › Modern: Save writes an OpenISD project via the stubbed picker (5.5s)
  ✓   68 packages/ui/test/app.browser.spec.ts:191:1 › vented box: 30L box with 5cm bore, 10cm port tunes to Fb=37.9Hz (Helmholtz resonator) (5.3s)
  ✓   69 packages/ui/test/chart-zoom.browser.spec.ts:89:1 › dragging the Y axis sets a manual range (panel flagged y-manual) (6.2s)
  ✓   71 packages/ui/test/save-export.browser.spec.ts:128:3 › Modern and Classic skins — Save/Save-As-&-Export are wired identically › Modern: Save-As/Export menu → Save as OpenISD project (.json) prompts the picker (5.2s)
  ✓   70 packages/ui/test/original-skin.browser.spec.ts:176:1 › the Vented "1st port resonance" shows the vent pipe resonance c/(2·ventL), not the box tuning (7.0s)
  ✓   72 packages/ui/test/app.browser.spec.ts:229:1 › bandpass4 box: 15L rear + 20L front + ø5cm×10cm port — stat bar shows box:bandpass4, Vb:15.0L and peak port velocity (6.0s)
  ✓   74 packages/ui/test/save-export.browser.spec.ts:138:3 › Modern and Classic skins — Save/Save-As-&-Export are wired identically › Classic: Save (disk icon) writes an OpenISD project via the stubbed picker (5.3s)
  ✓   75 packages/ui/test/original-skin.browser.spec.ts:187:1 › the Vented pane labels the tuning readout "1st port resonance" (5.9s)
  ✓   76 packages/ui/test/app.browser.spec.ts:285:1 › passive radiator: 30L box, 50g PR, 0.5mm/N Cms — stat bar shows Fp=37.9Hz (5.5s)
  ✓   73 packages/ui/test/chart-zoom.browser.spec.ts:97:1 › double-clicking the Y axis resets it to auto (9.0s)
  ✓   77 packages/ui/test/save-export.browser.spec.ts:148:3 › Modern and Classic skins — Save/Save-As-&-Export are wired identically › Classic: no separate Save As icon — Save-As/Export menu covers it (4.3s)
  ✓   78 packages/ui/test/original-skin.browser.spec.ts:194:1 › the projects checkbox toggles a compare overlay trace visibility (not delete) (4.7s)
  ✓   79 packages/ui/test/app.browser.spec.ts:334:1 › Modern skin: clicking a field unit label converts the display; the model stays SI (4.1s)
  ✓   80 packages/ui/test/save-export.browser.spec.ts:155:3 › Modern and Classic skins — Save/Save-As-&-Export are wired identically › Classic: Save-As/Export menu → Save as WinISD project (.wpr) downloads a well-formed project (4.2s)
  ✓   81 packages/ui/test/original-skin.browser.spec.ts:215:1 › a compare overlay is closed by selecting its row then Close (WinISD right-click Delete stand-in) (4.4s)
  ✓   82 packages/ui/test/app.browser.spec.ts:359:1 › PR panel: WinISD-mode Vas unit toggle (L → cu ft) still derives Cms/Mms correctly (4.5s)
  ✓   83 packages/ui/test/save-export.browser.spec.ts:169:3 › Share link carries the sender's skin and active tab (not a generic default) › opening a share link generated from the Original skin restores Original + its active project tab (4.3s)
  ✓   84 packages/ui/test/original-skin.browser.spec.ts:224:1 › the Filters tab quick-adds real filter types and drives the store (4.3s)
  ✓   85 packages/ui/test/app.browser.spec.ts:392:1 › PR panel summary + StatBar reflect the SAME chosen unit as the entered field (Vb → cu ft) (4.0s)
  ✓   86 packages/ui/test/save-export.browser.spec.ts:190:3 › Share link carries the sender's skin and active tab (not a generic default) › opening a share link restores the pinned graph marker (cursorF/pinnedF/cursorLocked) (4.3s)
  ✓   87 packages/ui/test/original-skin.browser.spec.ts:244:1 › the Tune what-if panel previews live and Cancel reverts (Keep/Cancel per state model) (4.0s)
  ✓   88 packages/ui/test/app.browser.spec.ts:407:1 › Options dialog → Units → "Reset to Metric" reverts a toggled field without touching the stored design (3.8s)
  ✓   90 packages/ui/test/app.browser.spec.ts:434:1 › Options dialog → General → Username persists across a reload (local-only pref) (5.8s)
  ✓   89 packages/ui/test/original-skin.browser.spec.ts:269:1 › a live Tune what-if is isolated from the modified state until Keep (STATE_MODEL: what-if ≠ modified) (6.8s)
  ✓   91 packages/ui/test/app.browser.spec.ts:445:1 › Options dialog → Plot Window → Colors: a Background override actually paints the chart canvas (3.1s)
  ✓   92 packages/ui/test/original-skin.browser.spec.ts:300:1 › the Tune fields accept multi-character typing (no reformat-while-typing clobber) (3.6s)
  ✓   93 packages/ui/test/app.browser.spec.ts:462:1 › Options dialog → Plot Window → Limits: setting SPL Start/End flags the SPL chart as manually-ranged (3.1s)
  ✓   94 packages/ui/test/original-skin.browser.spec.ts:316:1 › v-expo-step fields keep clean decimals while spinning (grid-aligned step) (3.0s)
  ✓   95 packages/ui/test/original-skin.browser.spec.ts:326:1 › NumInput spinner keeps fixed decimal places (no compounding float precision) (2.3s)
  ✓   96 packages/ui/test/original-skin.browser.spec.ts:336:1 › NumInput dp is screen-formatting only — the model keeps FULL precision (not truncated to dp) (1.9s)
  ✓   97 packages/ui/test/original-skin.browser.spec.ts:351:1 › class-level: NO Original-skin spinner gains decimal places while spinning (all fields, all box types) (53.8s)
  ✓   98 packages/ui/test/original-skin.browser.spec.ts:379:1 › Original save buttons sit in a right-edge rail beside the tabs (no vertical space consumed) (3.0s)
  ✓   99 packages/ui/test/original-skin.browser.spec.ts:390:1 › Signal tab: Series resistance shows WinISD 3-dp precision (0.100 ohm) (2.3s)
  ✓  100 packages/ui/test/original-skin.browser.spec.ts:396:1 › Signal tab: Driver input voltage is editable and drives System input power (W↔V, P=V²/Re) (2.2s)
  ✓  101 packages/ui/test/original-skin.browser.spec.ts:415:1 › Original skin buttons have readable dark text on their light fill (2.0s)
  ✓  102 packages/ui/test/original-skin.browser.spec.ts:426:1 › New Project collects the project name first and shows it in the titlebar (2.4s)
  ✓  103 packages/ui/test/original-skin.browser.spec.ts:445:1 › New Project starts fresh — it discards the previous design (filters, compare, params) (2.8s)
  ✓  104 packages/ui/test/original-skin.browser.spec.ts:477:1 › the New Project wizard sets box type + volume then opens the driver picker (3.7s)
  ✓  105 packages/ui/test/original-skin.browser.spec.ts:498:1 › Original toolbar: Share link (Export menu) writes the design into the address bar (2.9s)
  ✓  106 packages/ui/test/original-skin.browser.spec.ts:505:1 › a pinned graph cursor survives the share link — opening it shows the same marker (5.6s)
  ✓  107 packages/ui/test/original-skin.browser.spec.ts:530:1 › a dragged frequency band selection survives the share link (6.8s)
  ✓  108 packages/ui/test/original-skin.browser.spec.ts:555:1 › the Save bar tracks modified state; Save adopts it, Reset reverts it (STATE_MODEL ground↔modified) (6.4s)
  ✓  109 packages/ui/test/original-skin.browser.spec.ts:579:1 › the chosen skin is remembered across a reload (local preference) (5.9s)
  ✓  110 packages/ui/test/original-skin.browser.spec.ts:584:1 › Driver pane: WinISD-parity added-mass field feeds the engine model (g→kg, resonance drops) (3.6s)
  ✓  111 packages/ui/test/original-skin.browser.spec.ts:611:1 › Driver Editor decimals come from the registry (Vas 2 dp, Sd 1 dp) (3.6s)
  ✓  112 packages/ui/test/original-skin.browser.spec.ts:627:1 › R1: an open Driver Editor is reopened after a reload (8.1s)
  ✓  113 packages/ui/test/original-skin.browser.spec.ts:641:1 › R1: an open Tune with uncommitted what-if values is preserved across a reload (8.2s)
  ✓  114 packages/ui/test/original-skin.browser.spec.ts:662:1 › R1 refresh fidelity: box type, active tab, and selected chart survive a reload (9.5s)
  ✓  115 packages/ui/test/original-skin.browser.spec.ts:698:1 › clicking an entered field's unit label rescales the DISPLAY and keeps the model SI (3.8s)
  ✓  116 packages/ui/test/original-skin.browser.spec.ts:723:1 › a calculated readout also rescales when its unit is rotated (Hz → kHz) (3.4s)
  ✓  117 packages/ui/test/original-skin.browser.spec.ts:739:1 › Added mass to cone: clicking the unit converts g → kg; the model stays SI (kg) (3.8s)
  ✓  118 packages/ui/test/original-skin.browser.spec.ts:761:1 › Advanced Temperature: K → °C converts via OFFSET; the model stays in kelvin (3.6s)
  ✓  119 packages/ui/test/original-skin.browser.spec.ts:778:1 › Voice coil temp rise, resistance TC, and added mass all convert (no runaway precision) (4.5s)
  ✓  120 packages/ui/test/original-skin.browser.spec.ts:819:1 › Original skin: Options dialog → "Reset to Metric" reverts a toggled unit (kg → g) app-wide without touching the model (4.2s)
  ✓  121 packages/ui/test/original-skin.browser.spec.ts:847:1 › Original skin: Options → General → Environment default seeds a fresh mount's Advanced-pane Temperature (not a hardcoded literal) (8.0s)
  ✓  122 packages/ui/test/original-skin.browser.spec.ts:863:1 › Original skin: Options dialog is centered on screen, not pinned to the top (own overlay, not the shell's) (3.0s)

  Slow test file: packages/ui/test/original-skin.browser.spec.ts (5.0m)
  Consider running tests from slow files in parallel. See: https://playwright.dev/docs/test-parallel
  1 skipped
  121 passed (5.3m)
ci: exit 0 — log retained at ci-logs/ci-20260723T032531Z.log
