  openisd_drivers (OpenIsd drivers): 1904 drivers
  openisd_drivers (OpenIsd drivers): 76 passive radiators (meta-only)

Bundled 1904 WDR files + 76 passive radiators → packages/ui/src/drivers-bundle.json (1973 KB raw)

> openisd@0.1.0 lint
> eslint packages/


/home/john/work/winisd/openisd/packages/ui/test/driver-search.browser.spec.ts
  15:6  warning  Unexpected use of the `.skip()` annotation  playwright/no-skipped-test

✖ 1 problem (0 errors, 1 warning)


> openisd@0.1.0 typecheck
> npm run typecheck:engine && npm run typecheck:winisd && npm run typecheck:ui


> openisd@0.1.0 typecheck:engine
> tsc -p packages/engine --noEmit


> openisd@0.1.0 typecheck:winisd
> tsc -p packages/winisd --noEmit


> openisd@0.1.0 typecheck:ui
> vue-tsc -p packages/ui --noEmit


> openisd@0.1.0 test
> npm run test:unit && npx playwright test


> openisd@0.1.0 test:unit
> vitest run


 RUN  v3.2.6 /home/john/work/winisd/openisd

 ✓ |ui| test/fileSave.test.ts (9 tests) 72ms
 ✓ |ui| test/fieldRegistry.test.ts (6 tests) 61ms
 ✓ |ui| test/drivers-bundle.test.ts (8 tests) 34ms
 ✓ |engine| test/power-compression.test.ts (2 tests) 61ms
 ✓ |engine| test/engine.test.ts (33 tests) 69ms
 ✓ |engine| test/sweep.test.ts (10 tests) 125ms
 ✓ |engine| test/driver.test.ts (24 tests) 69ms
 ✓ |engine| test/added-mass.test.ts (4 tests) 129ms
 ✓ |engine| test/golden.test.ts (6 tests) 230ms
 ✓ |winisd| test/wdr.test.ts (9 tests) 36ms
 ✓ |winisd| test/driver-projection.test.ts (8 tests) 28ms
 ✓ |winisd| test/wpr.test.ts (10 tests) 70ms
 ✓ |winisd| test/driver-json.test.ts (5 tests) 70ms
 ✓ |winisd| test/driver-class.test.ts (10 tests) 95ms
 ✓ |ui| test/wprMapping.test.ts (8 tests) 100ms
 ✓ |ui| test/store-filters-reactivity.test.ts (2 tests) 72ms
 ✓ |ui| test/persist.test.ts (9 tests) 292ms
 ✓ |engine| test/circuit.test.ts (8 tests) 75ms
 ✓ |engine| test/alignments.test.ts (28 tests) 90ms
 ✓ |ui| test/skins.test.ts (5 tests) 33ms
 ✓ |engine| test/complex.test.ts (35 tests) 53ms
 ✓ |winisd| test/driver-roundtrip.test.ts (4 tests) 40ms
 ✓ |ui| test/units.test.ts (7 tests) 171ms
 ✓ |ui| test/toneGenerator.test.ts (5 tests) 19ms
 ✓ |engine| test/formulas.test.ts (9 tests) 32ms
 ✓ |engine| test/architecture.test.ts (3 tests) 28ms
 ✓ |winisd| test/driver-derive.test.ts (7 tests) 23ms
 ✓ |ui| test/series.test.ts (4 tests) 43ms
 ✓ |ui| test/config.test.ts (2 tests) 30ms
 ✓ |winisd| test/roundtrip.test.ts (3 tests) 25ms

 Test Files  30 passed (30)
      Tests  283 passed (283)
   Start at  04:06:21
   Duration  6.78s (transform 7.86s, setup 0ms, collect 26.24s, tests 2.28s, environment 38ms, prepare 18.22s)


Running 120 tests using 9 workers

  -    1 packages/ui/test/driver-search.browser.spec.ts:15:6 › driver library search returns only matching drivers (and renders the duplicate-name case)
  ✓    3 packages/ui/test/micka-crosscheck.browser.spec.ts:44:3 › micka.de: Sealed Butterworth: Fs=37Hz, Qts=0.38, Vas=30L → Qtc=0.707 (3.7s)
  ✓   11 packages/ui/test/micka-crosscheck.browser.spec.ts:44:3 › micka.de: Vented 30L box, ø5cm×10cm port: Fs=37Hz, Qts=0.38, Vas=30L (3.3s)
  ✓    4 packages/ui/test/original-skin.browser.spec.ts:55:1 › choosing Original swaps to the ported WinISD shell (titlebar, projects, graph) (7.4s)
  ✓    2 packages/ui/test/classic-skin.browser.spec.ts:14:1 › choosing Classic swaps to the WinISD shell (Projects, tab rail, Color) (9.9s)
  ✓    5 packages/ui/test/app.browser.spec.ts:8:1 › app shell renders — side panel and graph grid are populated (9.9s)
  ✓    6 packages/ui/test/modal-escape.browser.spec.ts:6:1 › Escape dismisses the driver library modal (10.2s)
  ✓    7 packages/ui/test/original-layout.browser.spec.ts:45:1 › the pin button is named ＋ Clone/Compare (13.2s)
  ✓    9 packages/ui/test/driver-invalid.browser.spec.ts:16:1 › setting Fs to 0 shows a per-chart error message instead of crashing or blanking (15.0s)
  ✓   12 packages/ui/test/pr-library.browser.spec.ts:18:1 › Browse-PR popup lists bundled passive radiators and loads one (9.8s)
  ✓   13 packages/ui/test/original-skin.browser.spec.ts:62:1 › the toolbar ports the mock icon buttons + chart-select (11.2s)
  ✓   14 packages/ui/test/classic-skin.browser.spec.ts:29:1 › the 3rd rail tab label tracks the box type (specialist tab) (10.4s)
  ✓   10 packages/ui/test/chart-zoom.browser.spec.ts:23:1 › frequency dropdown defaults to 1–20 kHz (20.3s)
  ✓   16 packages/ui/test/modal-escape.browser.spec.ts:15:1 › Escape dismisses the Define Driver modal (10.8s)
  ✓   17 packages/ui/test/original-layout.browser.spec.ts:49:1 › project rows are [checkbox] Name only; the Close button under the list removes the SELECTED overlay (10.3s)
  ✓   18 packages/ui/test/driver-invalid.browser.spec.ts:44:1 › setting Re to 0 (a different required field) also shows the per-chart message (10.4s)
  ✓   19 packages/ui/test/save-export.browser.spec.ts:46:3 › Original skin — Save / Save-As-&-Export › Save prompts the (stubbed) picker and writes a valid OpenISD project JSON (9.2s)
  ✓   15 packages/ui/test/app.browser.spec.ts:14:1 › in-browser self-test passes all three physics gates (17.7s)
  ✓    8 packages/ui/test/persistence.browser.spec.ts:8:1 › state persists via one key (openisd.state) and never writes the redundant openisd_v2 (28.3s)
  ✓   20 packages/ui/test/original-skin.browser.spec.ts:69:1 › the chart-select dropdown switches the shared GraphPanel (10.3s)
  ✓   21 packages/ui/test/classic-skin.browser.spec.ts:45:1 › the tab rail switches editors — Driver uses the WinISD layout, Box reuses the shared BoxPanel (9.5s)
  ✓   23 packages/ui/test/modal-escape.browser.spec.ts:26:1 › Escape dismisses the Driver editor modal (10.7s)
  ✓   24 packages/ui/test/original-layout.browser.spec.ts:68:1 › the left panel collapses and expands via the splitter toggle (9.3s)
  ✓   26 packages/ui/test/save-export.browser.spec.ts:57:3 › Original skin — Save / Save-As-&-Export › Save twice reuses the SAME retained handle — only the first click prompts the picker (10.1s)
  ✓   25 packages/ui/test/driver-invalid.browser.spec.ts:56:1 › missing Pe drops only the thermal-limit line — Max-SPL chart still draws, and the issue is listed (dismissable) (10.6s)
  ✓   27 packages/ui/test/app.browser.spec.ts:29:1 › box type change to sealed re-renders enclosure panel (9.4s)
  ✓   30 packages/ui/test/classic-skin.browser.spec.ts:58:1 › the chart-type selector re-renders the shared GraphPanel (9.9s)
  ✓   29 packages/ui/test/original-skin.browser.spec.ts:77:1 › all seven project tabs render their ported content (11.9s)
  ✓   22 packages/ui/test/chart-zoom.browser.spec.ts:27:1 › choosing 1–500 Hz narrows the range; charts still render (19.8s)
  ✓   28 packages/ui/test/visual.browser.spec.ts:77:1 › SPL panel renders correctly for sealed 20L box (12.4s)
  ✓   32 packages/ui/test/original-layout.browser.spec.ts:76:1 › the left panel resizes by dragging the vertical splitter (10.0s)
  ✓   31 packages/ui/test/modal-escape.browser.spec.ts:38:1 › Escape dismisses the passive-radiator Edit modal (12.9s)
  ✓   33 packages/ui/test/save-export.browser.spec.ts:64:3 › Original skin — Save / Save-As-&-Export › the menu has no separate "Save" toolbar button anymore — Save As lives in the combined menu (11.0s)
  ✓   34 packages/ui/test/driver-invalid.browser.spec.ts:86:1 › box volume Vb = 0 surfaces a blocking "no usable values" error (finiteness postcondition) (11.1s)
  ✓   35 packages/ui/test/app.browser.spec.ts:34:1 › box type change to vented shows vent controls (11.1s)
  ✓   37 packages/ui/test/original-skin.browser.spec.ts:97:1 › the Box tab exposes all six box types and drives the shared store for supported ones (10.6s)
  ✓   39 packages/ui/test/visual.browser.spec.ts:97:1 › SPL panel renders correctly for vented 30L box with ø5cm×10cm port (11.2s)
  ✓   40 packages/ui/test/original-layout.browser.spec.ts:87:1 › the bottom section collapses (chart grows) and expands via the splitter toggle (8.9s)
  ✓   38 packages/ui/test/chart-zoom.browser.spec.ts:33:1 › choosing 1–40 kHz zooms all the way out (11.8s)
  ✓   42 packages/ui/test/driver-invalid.browser.spec.ts:107:1 › missing Xmax drops only the excursion limit line — Excursion chart still draws, issue is a warning (6.2s)
  ✓   41 packages/ui/test/save-export.browser.spec.ts:68:3 › Original skin — Save / Save-As-&-Export › Save As... (Save-As/Export menu) always re-prompts the picker, even after a prior Save (7.7s)
  ✓   43 packages/ui/test/app.browser.spec.ts:40:1 › End-correction selector retunes the vent Fb — BoxPanel AND StatBar agree (shared, Modern/Classic) (6.9s)
  ✓   36 packages/ui/test/classic-skin.browser.spec.ts:69:1 › the chosen skin is remembered across a reload (local preference) (17.5s)
  ✓   44 packages/ui/test/original-skin.browser.spec.ts:114:1 › the Closed (sealed) box hides the dynamic enclosure tab — Volume lives only on the Box tab (6.6s)
  ✓   46 packages/ui/test/original-layout.browser.spec.ts:97:1 › the bottom section resizes by dragging the horizontal splitter (8.4s)
  ✓   45 packages/ui/test/visual.browser.spec.ts:120:1 › SPL panel renders correctly for bandpass4 15L+20L box (9.5s)
[WebServer] 4:07:55 AM [vite] (client) Pre-transform error: Element is missing end tag.
[WebServer]   Plugin: vite:vue
[WebServer]   File: /home/john/work/winisd/openisd/packages/ui/src/shells/original/OriginalShell.vue:348:3
[WebServer]   346 |  
[WebServer]   347 |  <template>
[WebServer]   348 |    <div class="original-root">
[WebServer]       |     ^
[WebServer]   349 |      <!-- ================= Title bar ================= -->
[WebServer]   350 |      <div class="titlebar">
[WebServer] 4:07:55 AM [vite] Internal server error: Element is missing end tag.
[WebServer]   Plugin: vite:vue
[WebServer]   File: /home/john/work/winisd/openisd/packages/ui/src/shells/original/OriginalShell.vue:348:3
[WebServer]   346 |  
[WebServer]   347 |  <template>
[WebServer]   348 |    <div class="original-root">
[WebServer]       |     ^
[WebServer]   349 |      <!-- ================= Title bar ================= -->
[WebServer]   350 |      <div class="titlebar">
[WebServer]       at createCompilerError (/home/john/work/winisd/openisd/node_modules/@vue/compiler-core/dist/compiler-core.cjs.js:1378:17)
[WebServer]       at emitError (/home/john/work/winisd/openisd/node_modules/@vue/compiler-core/dist/compiler-core.cjs.js:3014:5)
[WebServer]       at Object.onclosetag (/home/john/work/winisd/openisd/node_modules/@vue/compiler-core/dist/compiler-core.cjs.js:2381:13)
[WebServer]       at Tokenizer.stateInClosingTagName (/home/john/work/winisd/openisd/node_modules/@vue/compiler-core/dist/compiler-core.cjs.js:799:16)
[WebServer]       at Tokenizer.parse (/home/john/work/winisd/openisd/node_modules/@vue/compiler-core/dist/compiler-core.cjs.js:1157:16)
[WebServer]       at Object.baseParse (/home/john/work/winisd/openisd/node_modules/@vue/compiler-core/dist/compiler-core.cjs.js:3053:13)
[WebServer]       at Object.parse (/home/john/work/winisd/openisd/node_modules/@vue/compiler-dom/dist/compiler-dom.cjs.js:910:23)
[WebServer]       at Object.parse$1 [as parse] (/home/john/work/winisd/openisd/node_modules/@vue/compiler-sfc/dist/compiler-sfc.cjs.js:1824:24)
[WebServer]       at createDescriptor (file:///home/john/work/winisd/openisd/node_modules/@vitejs/plugin-vue/dist/index.mjs:50:42)
[WebServer]       at handleHotUpdate (file:///home/john/work/winisd/openisd/node_modules/@vitejs/plugin-vue/dist/index.mjs:1144:25)
[WebServer] 4:07:55 AM [vite] Internal server error: Element is missing end tag.
[WebServer]   Plugin: vite:vue
[WebServer]   File: /home/john/work/winisd/openisd/packages/ui/src/shells/original/OriginalShell.vue:348:3
[WebServer]   346 |  
[WebServer]   347 |  <template>
[WebServer]   348 |    <div class="original-root">
[WebServer]       |     ^
[WebServer]   349 |      <!-- ================= Title bar ================= -->
[WebServer]   350 |      <div class="titlebar">
[WebServer]       at createCompilerError (/home/john/work/winisd/openisd/node_modules/@vue/compiler-core/dist/compiler-core.cjs.js:1378:17)
[WebServer]       at emitError (/home/john/work/winisd/openisd/node_modules/@vue/compiler-core/dist/compiler-core.cjs.js:3014:5)
[WebServer]       at Object.onclosetag (/home/john/work/winisd/openisd/node_modules/@vue/compiler-core/dist/compiler-core.cjs.js:2381:13)
[WebServer]       at Tokenizer.stateInClosingTagName (/home/john/work/winisd/openisd/node_modules/@vue/compiler-core/dist/compiler-core.cjs.js:799:16)
[WebServer]       at Tokenizer.parse (/home/john/work/winisd/openisd/node_modules/@vue/compiler-core/dist/compiler-core.cjs.js:1157:16)
[WebServer]       at Object.baseParse (/home/john/work/winisd/openisd/node_modules/@vue/compiler-core/dist/compiler-core.cjs.js:3053:13)
[WebServer]       at Object.parse (/home/john/work/winisd/openisd/node_modules/@vue/compiler-dom/dist/compiler-dom.cjs.js:910:23)
[WebServer]       at Object.parse$1 [as parse] (/home/john/work/winisd/openisd/node_modules/@vue/compiler-sfc/dist/compiler-sfc.cjs.js:1824:24)
[WebServer]       at createDescriptor (file:///home/john/work/winisd/openisd/node_modules/@vitejs/plugin-vue/dist/index.mjs:50:42)
[WebServer]       at handleHotUpdate (file:///home/john/work/winisd/openisd/node_modules/@vitejs/plugin-vue/dist/index.mjs:1144:25)
[WebServer] 4:07:55 AM [vite] Internal server error: Element is missing end tag.
[WebServer]   Plugin: vite:vue
[WebServer]   File: /home/john/work/winisd/openisd/packages/ui/src/shells/original/OriginalShell.vue:348:3
[WebServer]   346 |  
[WebServer]   347 |  <template>
[WebServer]   348 |    <div class="original-root">
[WebServer]       |     ^
[WebServer]   349 |      <!-- ================= Title bar ================= -->
[WebServer]   350 |      <div class="titlebar">
[WebServer]       at createCompilerError (/home/john/work/winisd/openisd/node_modules/@vue/compiler-core/dist/compiler-core.cjs.js:1378:17)
[WebServer]       at emitError (/home/john/work/winisd/openisd/node_modules/@vue/compiler-core/dist/compiler-core.cjs.js:3014:5)
[WebServer]       at Object.onclosetag (/home/john/work/winisd/openisd/node_modules/@vue/compiler-core/dist/compiler-core.cjs.js:2381:13)
[WebServer]       at Tokenizer.stateInClosingTagName (/home/john/work/winisd/openisd/node_modules/@vue/compiler-core/dist/compiler-core.cjs.js:799:16)
[WebServer]       at Tokenizer.parse (/home/john/work/winisd/openisd/node_modules/@vue/compiler-core/dist/compiler-core.cjs.js:1157:16)
[WebServer]       at Object.baseParse (/home/john/work/winisd/openisd/node_modules/@vue/compiler-core/dist/compiler-core.cjs.js:3053:13)
[WebServer]       at Object.parse (/home/john/work/winisd/openisd/node_modules/@vue/compiler-dom/dist/compiler-dom.cjs.js:910:23)
[WebServer]       at Object.parse$1 [as parse] (/home/john/work/winisd/openisd/node_modules/@vue/compiler-sfc/dist/compiler-sfc.cjs.js:1824:24)
[WebServer]       at createDescriptor (file:///home/john/work/winisd/openisd/node_modules/@vitejs/plugin-vue/dist/index.mjs:50:42)
[WebServer]       at handleHotUpdate (file:///home/john/work/winisd/openisd/node_modules/@vitejs/plugin-vue/dist/index.mjs:1144:25)
[WebServer] 4:07:55 AM [vite] Internal server error: Element is missing end tag.
[WebServer]   Plugin: vite:vue
[WebServer]   File: /home/john/work/winisd/openisd/packages/ui/src/shells/original/OriginalShell.vue:348:3
[WebServer]   346 |  
[WebServer]   347 |  <template>
[WebServer]   348 |    <div class="original-root">
[WebServer]       |     ^
[WebServer]   349 |      <!-- ================= Title bar ================= -->
[WebServer]   350 |      <div class="titlebar">
[WebServer]       at createCompilerError (/home/john/work/winisd/openisd/node_modules/@vue/compiler-core/dist/compiler-core.cjs.js:1378:17)
[WebServer]       at emitError (/home/john/work/winisd/openisd/node_modules/@vue/compiler-core/dist/compiler-core.cjs.js:3014:5)
[WebServer]       at Object.onclosetag (/home/john/work/winisd/openisd/node_modules/@vue/compiler-core/dist/compiler-core.cjs.js:2381:13)
[WebServer]       at Tokenizer.stateInClosingTagName (/home/john/work/winisd/openisd/node_modules/@vue/compiler-core/dist/compiler-core.cjs.js:799:16)
[WebServer]       at Tokenizer.parse (/home/john/work/winisd/openisd/node_modules/@vue/compiler-core/dist/compiler-core.cjs.js:1157:16)
[WebServer]       at Object.baseParse (/home/john/work/winisd/openisd/node_modules/@vue/compiler-core/dist/compiler-core.cjs.js:3053:13)
[WebServer]       at Object.parse (/home/john/work/winisd/openisd/node_modules/@vue/compiler-dom/dist/compiler-dom.cjs.js:910:23)
[WebServer]       at Object.parse$1 [as parse] (/home/john/work/winisd/openisd/node_modules/@vue/compiler-sfc/dist/compiler-sfc.cjs.js:1824:24)
[WebServer]       at createDescriptor (file:///home/john/work/winisd/openisd/node_modules/@vitejs/plugin-vue/dist/index.mjs:50:42)
[WebServer]       at handleHotUpdate (file:///home/john/work/winisd/openisd/node_modules/@vitejs/plugin-vue/dist/index.mjs:1144:25)
[WebServer] 4:07:55 AM [vite] (client) Pre-transform error: Element is missing end tag.
[WebServer]   Plugin: vite:vue
[WebServer]   File: /home/john/work/winisd/openisd/packages/ui/src/shells/original/OriginalShell.vue:348:3
[WebServer]   346 |  
[WebServer]   347 |  <template>
[WebServer]   348 |    <div class="original-root">
[WebServer]       |     ^
[WebServer]   349 |      <!-- ================= Title bar ================= -->
[WebServer]   350 |      <div class="titlebar">
[WebServer] 4:07:55 AM [vite] Internal server error: Element is missing end tag.
[WebServer]   Plugin: vite:vue
[WebServer]   File: /home/john/work/winisd/openisd/packages/ui/src/shells/original/OriginalShell.vue:348:3
[WebServer]   346 |  
[WebServer]   347 |  <template>
[WebServer]   348 |    <div class="original-root">
[WebServer]       |     ^
[WebServer]   349 |      <!-- ================= Title bar ================= -->
[WebServer]   350 |      <div class="titlebar">
[WebServer]       at createCompilerError (/home/john/work/winisd/openisd/node_modules/@vue/compiler-core/dist/compiler-core.cjs.js:1378:17)
[WebServer]       at emitError (/home/john/work/winisd/openisd/node_modules/@vue/compiler-core/dist/compiler-core.cjs.js:3014:5)
[WebServer]       at Object.onclosetag (/home/john/work/winisd/openisd/node_modules/@vue/compiler-core/dist/compiler-core.cjs.js:2381:13)
[WebServer]       at Tokenizer.stateInClosingTagName (/home/john/work/winisd/openisd/node_modules/@vue/compiler-core/dist/compiler-core.cjs.js:799:16)
[WebServer]       at Tokenizer.parse (/home/john/work/winisd/openisd/node_modules/@vue/compiler-core/dist/compiler-core.cjs.js:1157:16)
[WebServer]       at Object.baseParse (/home/john/work/winisd/openisd/node_modules/@vue/compiler-core/dist/compiler-core.cjs.js:3053:13)
[WebServer]       at Object.parse (/home/john/work/winisd/openisd/node_modules/@vue/compiler-dom/dist/compiler-dom.cjs.js:910:23)
[WebServer]       at Object.parse$1 [as parse] (/home/john/work/winisd/openisd/node_modules/@vue/compiler-sfc/dist/compiler-sfc.cjs.js:1824:24)
[WebServer]       at createDescriptor (file:///home/john/work/winisd/openisd/node_modules/@vitejs/plugin-vue/dist/index.mjs:50:42)
[WebServer]       at handleHotUpdate (file:///home/john/work/winisd/openisd/node_modules/@vitejs/plugin-vue/dist/index.mjs:1144:25)
[WebServer] 4:07:55 AM [vite] (client) [console.error] [vite] Failed to reload /src/shells/original/OriginalShell.vue. This could be due to syntax errors or importing non-existent modules. (see errors above)

[browser diagnostics — "shared BoxPanel reads decimal places from the field registry (vent diameter = 2 dp)"]
{
  "consoleErrors": [
    "Failed to load resource: the server responded with a status of 500 (Internal Server Error)",
    "[vite] Failed to reload /src/shells/original/OriginalShell.vue. This could be due to syntax errors or importing non-existent modules. (see errors above)"
  ],
  "consoleWarnings": [],
  "pageErrors": [],
  "networkErrors": [
    "500 http://localhost:4100/src/shells/original/OriginalShell.vue?t=1784776074921",
    "FAILED http://localhost:4100/src/shells/original/OriginalShell.vue?t=1784776074921 — net::ERR_ABORTED"
  ]
}

[WebServer] 4:07:56 AM [vite] (client) [console.error] [vite] Failed to reload /src/shells/original/OriginalShell.vue. This could be due to syntax errors or importing non-existent modules. (see errors above)
[WebServer] 4:07:56 AM [vite] Internal server error: Element is missing end tag.
[WebServer]   Plugin: vite:vue
[WebServer]   File: /home/john/work/winisd/openisd/packages/ui/src/shells/original/OriginalShell.vue:348:3
[WebServer]   346 |  
[WebServer]   347 |  <template>
[WebServer]   348 |    <div class="original-root">
[WebServer]       |     ^
[WebServer]   349 |      <!-- ================= Title bar ================= -->
[WebServer]   350 |      <div class="titlebar">
[WebServer]       at createCompilerError (/home/john/work/winisd/openisd/node_modules/@vue/compiler-core/dist/compiler-core.cjs.js:1378:17)
[WebServer]       at emitError (/home/john/work/winisd/openisd/node_modules/@vue/compiler-core/dist/compiler-core.cjs.js:3014:5)
[WebServer]       at Object.onclosetag (/home/john/work/winisd/openisd/node_modules/@vue/compiler-core/dist/compiler-core.cjs.js:2381:13)
[WebServer]       at Tokenizer.stateInClosingTagName (/home/john/work/winisd/openisd/node_modules/@vue/compiler-core/dist/compiler-core.cjs.js:799:16)
[WebServer]       at Tokenizer.parse (/home/john/work/winisd/openisd/node_modules/@vue/compiler-core/dist/compiler-core.cjs.js:1157:16)
[WebServer]       at Object.baseParse (/home/john/work/winisd/openisd/node_modules/@vue/compiler-core/dist/compiler-core.cjs.js:3053:13)
[WebServer]       at Object.parse (/home/john/work/winisd/openisd/node_modules/@vue/compiler-dom/dist/compiler-dom.cjs.js:910:23)
[WebServer]       at Object.parse$1 [as parse] (/home/john/work/winisd/openisd/node_modules/@vue/compiler-sfc/dist/compiler-sfc.cjs.js:1824:24)
[WebServer]       at createDescriptor (file:///home/john/work/winisd/openisd/node_modules/@vitejs/plugin-vue/dist/index.mjs:50:42)
[WebServer]       at handleHotUpdate (file:///home/john/work/winisd/openisd/node_modules/@vitejs/plugin-vue/dist/index.mjs:1144:25)
  ✘   49 packages/ui/test/app.browser.spec.ts:59:1 › shared BoxPanel reads decimal places from the field registry (vent diameter = 2 dp) (7.9s)
[WebServer] 4:07:57 AM [vite] Internal server error: Element is missing end tag.
[WebServer]   Plugin: vite:vue
[WebServer]   File: /home/john/work/winisd/openisd/packages/ui/src/shells/original/OriginalShell.vue:348:3
[WebServer]   346 |  
[WebServer]   347 |  <template>
[WebServer]   348 |    <div class="original-root">
[WebServer]       |     ^
[WebServer]   349 |      <!-- ================= Title bar ================= -->
[WebServer]   350 |      <div class="titlebar">
[WebServer]       at createCompilerError (/home/john/work/winisd/openisd/node_modules/@vue/compiler-core/dist/compiler-core.cjs.js:1378:17)
[WebServer]       at emitError (/home/john/work/winisd/openisd/node_modules/@vue/compiler-core/dist/compiler-core.cjs.js:3014:5)
[WebServer]       at Object.onclosetag (/home/john/work/winisd/openisd/node_modules/@vue/compiler-core/dist/compiler-core.cjs.js:2381:13)
[WebServer]       at Tokenizer.stateInClosingTagName (/home/john/work/winisd/openisd/node_modules/@vue/compiler-core/dist/compiler-core.cjs.js:799:16)
[WebServer]       at Tokenizer.parse (/home/john/work/winisd/openisd/node_modules/@vue/compiler-core/dist/compiler-core.cjs.js:1157:16)
[WebServer]       at Object.baseParse (/home/john/work/winisd/openisd/node_modules/@vue/compiler-core/dist/compiler-core.cjs.js:3053:13)
[WebServer]       at Object.parse (/home/john/work/winisd/openisd/node_modules/@vue/compiler-dom/dist/compiler-dom.cjs.js:910:23)
[WebServer]       at Object.parse$1 [as parse] (/home/john/work/winisd/openisd/node_modules/@vue/compiler-sfc/dist/compiler-sfc.cjs.js:1824:24)
[WebServer]       at createDescriptor (file:///home/john/work/winisd/openisd/node_modules/@vitejs/plugin-vue/dist/index.mjs:50:42)
[WebServer]       at handleHotUpdate (file:///home/john/work/winisd/openisd/node_modules/@vitejs/plugin-vue/dist/index.mjs:1144:25)

[browser diagnostics — "Save-As/Export menu → Save as WinISD project (.wpr) downloads a well-formed INI file"]
{
  "consoleErrors": [
    "Failed to load resource: the server responded with a status of 500 (Internal Server Error)",
    "[vite] Failed to reload /src/shells/original/OriginalShell.vue. This could be due to syntax errors or importing non-existent modules. (see errors above)"
  ],
  "consoleWarnings": [],
  "pageErrors": [],
  "networkErrors": [
    "500 http://localhost:4100/src/shells/original/OriginalShell.vue?t=1784776074921",
    "FAILED http://localhost:4100/src/shells/original/OriginalShell.vue?t=1784776074921 — net::ERR_ABORTED"
  ]
}

  ✓   51 packages/ui/test/original-skin.browser.spec.ts:129:1 › an externally loaded box type re-syncs the Box tab (no desync while pending) (12.9s)
  ✓   50 packages/ui/test/classic-skin.browser.spec.ts:77:1 › Classic skin: Options dialog → "Reset to Metric" reverts a toggled unit (L → cu ft) without touching the model (13.8s)
  ✘   48 packages/ui/test/save-export.browser.spec.ts:77:3 › Original skin — Save / Save-As-&-Export › Save-As/Export menu → Save as WinISD project (.wpr) downloads a well-formed INI file (15.9s)

[browser diagnostics — "chart maximise fills the main area, keeps the toolbar, and restores"]
{
  "consoleErrors": [
    "Failed to load resource: the server responded with a status of 500 (Internal Server Error)"
  ],
  "consoleWarnings": [],
  "pageErrors": [],
  "networkErrors": [
    "500 http://localhost:4100/src/shells/original/OriginalShell.vue?t=1784776074921",
    "FAILED http://localhost:4100/src/shells/original/OriginalShell.vue?t=1784776074921 — net::ERR_ABORTED"
  ]
}


[browser diagnostics — "share link encodes state in URL hash"]
{
  "consoleErrors": [
    "Failed to load resource: the server responded with a status of 500 (Internal Server Error)"
  ],
  "consoleWarnings": [],
  "pageErrors": [],
  "networkErrors": [
    "500 http://localhost:4100/src/shells/original/OriginalShell.vue?t=1784776074921",
    "FAILED http://localhost:4100/src/shells/original/OriginalShell.vue?t=1784776074921 — net::ERR_ABORTED"
  ]
}

  ✘   52 packages/ui/test/original-layout.browser.spec.ts:108:1 › chart maximise fills the main area, keeps the toolbar, and restores (13.0s)
  ✘   54 packages/ui/test/app.browser.spec.ts:67:1 › share link encodes state in URL hash (10.3s)

[browser diagnostics — "SPL panel renders correctly for passive radiator 30L box"]
{
  "consoleErrors": [
    "Failed to load resource: the server responded with a status of 500 (Internal Server Error)"
  ],
  "consoleWarnings": [],
  "pageErrors": [],
  "networkErrors": [
    "500 http://localhost:4100/src/shells/original/OriginalShell.vue?t=1784776074921",
    "FAILED http://localhost:4100/src/shells/original/OriginalShell.vue?t=1784776074921 — net::ERR_ABORTED"
  ]
}

  ✘   53 packages/ui/test/visual.browser.spec.ts:147:1 › SPL panel renders correctly for passive radiator 30L box (15.2s)
  ✓   56 packages/ui/test/save-export.browser.spec.ts:94:3 › Original skin — Save / Save-As-&-Export › Save-As/Export menu → Export driver (.wdr) still downloads a .wdr file (unchanged action) (7.0s)
  ✓   55 packages/ui/test/original-skin.browser.spec.ts:146:1 › the box-losses modal opens from the Box tab and closes (7.4s)

[browser diagnostics — "the chosen frequency range persists across reload"]
{
  "consoleErrors": [
    "Failed to load resource: the server responded with a status of 500 (Internal Server Error)"
  ],
  "consoleWarnings": [],
  "pageErrors": [],
  "networkErrors": [
    "500 http://localhost:4100/src/shells/original/OriginalShell.vue?t=1784776074921",
    "FAILED http://localhost:4100/src/shells/original/OriginalShell.vue?t=1784776074921 — net::ERR_ABORTED"
  ]
}

  ✘   47 packages/ui/test/chart-zoom.browser.spec.ts:39:1 › the chosen frequency range persists across reload (27.4s)

[browser diagnostics — "hovering the chart draws ONE horizontal level line where the cursor crosses the curve"]
{
  "consoleErrors": [],
  "consoleWarnings": [
    "Canvas2D: Multiple readback operations using getImageData are faster with the willReadFrequently attribute set to true. See: https://html.spec.whatwg.org/multipage/canvas.html#concept-canvas-will-read-frequently"
  ],
  "pageErrors": [],
  "networkErrors": []
}

  ✓   58 packages/ui/test/save-export.browser.spec.ts:103:3 › Original skin — Save / Save-As-&-Export › Save-As/Export menu → Share link (http:) writes the design into the address bar (6.1s)
  ✓   57 packages/ui/test/original-layout.browser.spec.ts:121:1 › hovering the chart draws ONE horizontal level line where the cursor crosses the curve (6.3s)
  ✓   60 packages/ui/test/original-skin.browser.spec.ts:155:1 › the Color button cycles the current design trace colour (and wraps) (6.5s)
  ✓   59 packages/ui/test/app.browser.spec.ts:141:1 › sealed box: Fs=37Hz, Qts=0.38, Vas=30L driver in 20L box shows Qtc=0.601 and fc=58.5Hz in stat bar (7.9s)
  ✓   62 packages/ui/test/save-export.browser.spec.ts:112:3 › Modern and Classic skins — Save/Save-As-&-Export are wired identically › Modern header exposes Save and the combined Save-As/Export menu (no separate Save As button) (6.2s)
  ✓   64 packages/ui/test/original-skin.browser.spec.ts:166:1 › the bandpass Box tab shows calculated Frc + Tuning-freq readouts (real values) (6.4s)
  ✓   63 packages/ui/test/original-layout.browser.spec.ts:129:1 › a drag-select draws a horizontal level line for BOTH selection cursors (7.3s)
  ✓   61 packages/ui/test/chart-zoom.browser.spec.ts:58:1 › dragging the X axis changes the frequency range (dropdown shows custom) (10.6s)
  ✓   65 packages/ui/test/app.browser.spec.ts:166:1 › sealed box: Fs=37Hz,Qts=0.38,Vas=30L — Butterworth button sets Vb so stat bar shows Qtc=0.707 and fc=68.8Hz (8.7s)
  ✓   66 packages/ui/test/save-export.browser.spec.ts:119:3 › Modern and Classic skins — Save/Save-As-&-Export are wired identically › Modern: Save writes an OpenISD project via the stubbed picker (5.0s)
  ✓   67 packages/ui/test/original-skin.browser.spec.ts:176:1 › the Vented "1st port resonance" shows the vent pipe resonance c/(2·ventL), not the box tuning (7.2s)
  ✓   70 packages/ui/test/save-export.browser.spec.ts:128:3 › Modern and Classic skins — Save/Save-As-&-Export are wired identically › Modern: Save-As/Export menu → Save as OpenISD project (.json) prompts the picker (6.6s)
  ✓   69 packages/ui/test/app.browser.spec.ts:191:1 › vented box: 30L box with 5cm bore, 10cm port tunes to Fb=37.9Hz (Helmholtz resonator) (7.1s)
  ✓   71 packages/ui/test/original-skin.browser.spec.ts:187:1 › the Vented pane labels the tuning readout "1st port resonance" (5.4s)
  ✓   68 packages/ui/test/chart-zoom.browser.spec.ts:66:1 › double-clicking the X axis resets the frequency range to 1–20 kHz (11.1s)
  ✓   72 packages/ui/test/save-export.browser.spec.ts:138:3 › Modern and Classic skins — Save/Save-As-&-Export are wired identically › Classic: Save (disk icon) writes an OpenISD project via the stubbed picker (5.8s)
  ✓   73 packages/ui/test/app.browser.spec.ts:229:1 › bandpass4 box: 15L rear + 20L front + ø5cm×10cm port — stat bar shows box:bandpass4, Vb:15.0L and peak port velocity (7.1s)
  ✓   74 packages/ui/test/original-skin.browser.spec.ts:194:1 › the projects checkbox toggles a compare overlay trace visibility (not delete) (6.4s)
  ✓   76 packages/ui/test/save-export.browser.spec.ts:148:3 › Modern and Classic skins — Save/Save-As-&-Export are wired identically › Classic: no separate Save As icon — Save-As/Export menu covers it (4.6s)
  ✓   77 packages/ui/test/app.browser.spec.ts:285:1 › passive radiator: 30L box, 50g PR, 0.5mm/N Cms — stat bar shows Fp=37.9Hz (5.6s)
  ✓   75 packages/ui/test/chart-zoom.browser.spec.ts:89:1 › dragging the Y axis sets a manual range (panel flagged y-manual) (11.1s)
  ✓   78 packages/ui/test/original-skin.browser.spec.ts:215:1 › a compare overlay is closed by selecting its row then Close (WinISD right-click Delete stand-in) (6.5s)
  ✓   79 packages/ui/test/save-export.browser.spec.ts:155:3 › Modern and Classic skins — Save/Save-As-&-Export are wired identically › Classic: Save-As/Export menu → Save as WinISD project (.wpr) downloads a well-formed project (5.0s)
  ✓   80 packages/ui/test/app.browser.spec.ts:334:1 › Modern skin: clicking a field unit label converts the display; the model stays SI (5.0s)
  ✓   82 packages/ui/test/original-skin.browser.spec.ts:224:1 › the Filters tab quick-adds real filter types and drives the store (6.0s)
  ✓   83 packages/ui/test/save-export.browser.spec.ts:169:3 › Share link carries the sender's skin and active tab (not a generic default) › opening a share link generated from the Original skin restores Original + its active project tab (6.1s)
  ✓   81 packages/ui/test/chart-zoom.browser.spec.ts:97:1 › double-clicking the Y axis resets it to auto (10.1s)
  ✓   84 packages/ui/test/app.browser.spec.ts:359:1 › PR panel: WinISD-mode Vas unit toggle (L → cu ft) still derives Cms/Mms correctly (6.3s)
  ✓   85 packages/ui/test/original-skin.browser.spec.ts:244:1 › the Tune what-if panel previews live and Cancel reverts (Keep/Cancel per state model) (5.3s)
  ✓   86 packages/ui/test/save-export.browser.spec.ts:190:3 › Share link carries the sender's skin and active tab (not a generic default) › opening a share link restores the pinned graph marker (cursorF/pinnedF/cursorLocked) (5.0s)
  ✓   87 packages/ui/test/app.browser.spec.ts:392:1 › PR panel summary + StatBar reflect the SAME chosen unit as the entered field (Vb → cu ft) (4.3s)
  ✓   89 packages/ui/test/app.browser.spec.ts:407:1 › Options dialog → Units → "Reset to Metric" reverts a toggled field without touching the stored design (4.4s)
  ✓   88 packages/ui/test/original-skin.browser.spec.ts:269:1 › a live Tune what-if is isolated from the modified state until Keep (STATE_MODEL: what-if ≠ modified) (8.3s)
  ✓   91 packages/ui/test/original-skin.browser.spec.ts:300:1 › the Tune fields accept multi-character typing (no reformat-while-typing clobber) (4.0s)
  ✓   90 packages/ui/test/app.browser.spec.ts:434:1 › Options dialog → General → Username persists across a reload (local-only pref) (7.3s)
  ✓   92 packages/ui/test/original-skin.browser.spec.ts:316:1 › v-expo-step fields keep clean decimals while spinning (grid-aligned step) (3.9s)
  ✓   93 packages/ui/test/app.browser.spec.ts:445:1 › Options dialog → Plot Window → Colors: a Background override actually paints the chart canvas (4.0s)
  ✓   94 packages/ui/test/original-skin.browser.spec.ts:326:1 › NumInput spinner keeps fixed decimal places (no compounding float precision) (5.1s)
  ✓   95 packages/ui/test/app.browser.spec.ts:462:1 › Options dialog → Plot Window → Limits: setting SPL Start/End flags the SPL chart as manually-ranged (5.3s)
  ✓   96 packages/ui/test/original-skin.browser.spec.ts:336:1 › NumInput dp is screen-formatting only — the model keeps FULL precision (not truncated to dp) (4.4s)
  ✓   97 packages/ui/test/original-skin.browser.spec.ts:351:1 › class-level: NO Original-skin spinner gains decimal places while spinning (all fields, all box types) (1.2m)

[browser diagnostics — "Original save bar is no taller than its buttons (compact legend)" (test FAILED)]
{
  "consoleErrors": [],
  "consoleWarnings": [],
  "pageErrors": [],
  "networkErrors": []
}

  ✘   98 packages/ui/test/original-skin.browser.spec.ts:379:1 › Original save bar is no taller than its buttons (compact legend) (3.4s)
  ✓   99 packages/ui/test/original-skin.browser.spec.ts:390:1 › Signal tab: Series resistance shows WinISD 3-dp precision (0.100 ohm) (3.1s)
  ✓  100 packages/ui/test/original-skin.browser.spec.ts:396:1 › Signal tab: Driver input voltage is editable and drives System input power (W↔V, P=V²/Re) (2.8s)
  ✓  101 packages/ui/test/original-skin.browser.spec.ts:415:1 › Original skin buttons have readable dark text on their light fill (2.7s)
  ✓  102 packages/ui/test/original-skin.browser.spec.ts:426:1 › New Project collects the project name first and shows it in the titlebar (3.2s)
  ✓  103 packages/ui/test/original-skin.browser.spec.ts:445:1 › New Project starts fresh — it discards the previous design (filters, compare, params) (6.0s)
  ✓  104 packages/ui/test/original-skin.browser.spec.ts:477:1 › the New Project wizard sets box type + volume then opens the driver picker (3.5s)
  ✓  105 packages/ui/test/original-skin.browser.spec.ts:498:1 › Original toolbar: Share link (Export menu) writes the design into the address bar (3.2s)
  ✓  106 packages/ui/test/original-skin.browser.spec.ts:505:1 › the Save bar tracks modified state; Save adopts it, Reset reverts it (STATE_MODEL ground↔modified) (6.0s)
  ✓  107 packages/ui/test/original-skin.browser.spec.ts:529:1 › the chosen skin is remembered across a reload (local preference) (5.9s)
  ✓  108 packages/ui/test/original-skin.browser.spec.ts:534:1 › Driver pane: WinISD-parity added-mass field feeds the engine model (g→kg, resonance drops) (3.3s)
  ✓  109 packages/ui/test/original-skin.browser.spec.ts:561:1 › Driver Editor decimals come from the registry (Vas 2 dp, Sd 1 dp) (3.1s)
  ✓  110 packages/ui/test/original-skin.browser.spec.ts:577:1 › R1: an open Driver Editor is reopened after a reload (8.0s)
  ✓  111 packages/ui/test/original-skin.browser.spec.ts:591:1 › R1: an open Tune with uncommitted what-if values is preserved across a reload (8.5s)
  ✓  112 packages/ui/test/original-skin.browser.spec.ts:612:1 › R1 refresh fidelity: box type, active tab, and selected chart survive a reload (8.8s)
  ✓  113 packages/ui/test/original-skin.browser.spec.ts:648:1 › clicking an entered field's unit label rescales the DISPLAY and keeps the model SI (3.7s)
  ✓  114 packages/ui/test/original-skin.browser.spec.ts:673:1 › a calculated readout also rescales when its unit is rotated (Hz → kHz) (3.4s)
  ✓  115 packages/ui/test/original-skin.browser.spec.ts:689:1 › Added mass to cone: clicking the unit converts g → kg; the model stays SI (kg) (3.6s)
  ✓  116 packages/ui/test/original-skin.browser.spec.ts:711:1 › Advanced Temperature: K → °C converts via OFFSET; the model stays in kelvin (3.6s)
  ✓  117 packages/ui/test/original-skin.browser.spec.ts:728:1 › Voice coil temp rise, resistance TC, and added mass all convert (no runaway precision) (4.6s)
  ✓  118 packages/ui/test/original-skin.browser.spec.ts:769:1 › Original skin: Options dialog → "Reset to Metric" reverts a toggled unit (kg → g) app-wide without touching the model (5.7s)
  ✓  119 packages/ui/test/original-skin.browser.spec.ts:797:1 › Original skin: Options → General → Environment default seeds a fresh mount's Advanced-pane Temperature (not a hardcoded literal) (6.9s)
  ✓  120 packages/ui/test/original-skin.browser.spec.ts:813:1 › Original skin: Options dialog is centered on screen, not pinned to the top (own overlay, not the shell's) (3.9s)


  1) packages/ui/test/app.browser.spec.ts:59:1 › shared BoxPanel reads decimal places from the field registry (vent diameter = 2 dp) 

    Error: Browser diagnostics not clean — 2 categories with issues:
    ✗ console errors (2):
        Failed to load resource: the server responded with a status of 500 (Internal Server Error)
        [vite] Failed to reload /src/shells/original/OriginalShell.vue. This could be due to syntax errors or importing non-existent modules. (see errors above)
    ✗ same-origin network failures (2):
        500 http://localhost:4100/src/shells/original/OriginalShell.vue?t=1784776074921
        FAILED http://localhost:4100/src/shells/original/OriginalShell.vue?t=1784776074921 — net::ERR_ABORTED

       at fixtures.ts:118

      116 |     }
      117 |     if (failures.length) {
    > 118 |       throw new Error(`Browser diagnostics not clean — ${failures.length} categor${failures.length === 1 ? 'y' : 'ies'} with issues:\n${failures.join('\n')}`);
          |             ^
      119 |     }
      120 |   }, { auto: true }],
      121 | });
        at Object.base.extend.browserLog.auto (/home/john/work/winisd/openisd/packages/ui/test/fixtures.ts:118:13)

    Error Context: test-results/app.browser-shared-BoxPane-56375-egistry-vent-diameter-2-dp-/error-context.md

    attachment #3: trace (application/zip) ─────────────────────────────────────────────────────────
    test-results/app.browser-shared-BoxPane-56375-egistry-vent-diameter-2-dp-/trace.zip
    Usage:

        npx playwright show-trace test-results/app.browser-shared-BoxPane-56375-egistry-vent-diameter-2-dp-/trace.zip

    ────────────────────────────────────────────────────────────────────────────────────────────────

  2) packages/ui/test/app.browser.spec.ts:67:1 › share link encodes state in URL hash ──────────────

    Error: Browser diagnostics not clean — 2 categories with issues:
    ✗ console errors (1):
        Failed to load resource: the server responded with a status of 500 (Internal Server Error)
    ✗ same-origin network failures (2):
        500 http://localhost:4100/src/shells/original/OriginalShell.vue?t=1784776074921
        FAILED http://localhost:4100/src/shells/original/OriginalShell.vue?t=1784776074921 — net::ERR_ABORTED

       at fixtures.ts:118

      116 |     }
      117 |     if (failures.length) {
    > 118 |       throw new Error(`Browser diagnostics not clean — ${failures.length} categor${failures.length === 1 ? 'y' : 'ies'} with issues:\n${failures.join('\n')}`);
          |             ^
      119 |     }
      120 |   }, { auto: true }],
      121 | });
        at Object.base.extend.browserLog.auto (/home/john/work/winisd/openisd/packages/ui/test/fixtures.ts:118:13)

    Error Context: test-results/app.browser-share-link-encodes-state-in-URL-hash/error-context.md

    attachment #3: trace (application/zip) ─────────────────────────────────────────────────────────
    test-results/app.browser-share-link-encodes-state-in-URL-hash/trace.zip
    Usage:

        npx playwright show-trace test-results/app.browser-share-link-encodes-state-in-URL-hash/trace.zip

    ────────────────────────────────────────────────────────────────────────────────────────────────

  3) packages/ui/test/chart-zoom.browser.spec.ts:39:1 › the chosen frequency range persists across reload 

    Error: Browser diagnostics not clean — 2 categories with issues:
    ✗ console errors (1):
        Failed to load resource: the server responded with a status of 500 (Internal Server Error)
    ✗ same-origin network failures (2):
        500 http://localhost:4100/src/shells/original/OriginalShell.vue?t=1784776074921
        FAILED http://localhost:4100/src/shells/original/OriginalShell.vue?t=1784776074921 — net::ERR_ABORTED

       at fixtures.ts:118

      116 |     }
      117 |     if (failures.length) {
    > 118 |       throw new Error(`Browser diagnostics not clean — ${failures.length} categor${failures.length === 1 ? 'y' : 'ies'} with issues:\n${failures.join('\n')}`);
          |             ^
      119 |     }
      120 |   }, { auto: true }],
      121 | });
        at Object.base.extend.browserLog.auto (/home/john/work/winisd/openisd/packages/ui/test/fixtures.ts:118:13)

    Error Context: test-results/chart-zoom.browser-the-cho-27522-ange-persists-across-reload/error-context.md

    attachment #3: trace (application/zip) ─────────────────────────────────────────────────────────
    test-results/chart-zoom.browser-the-cho-27522-ange-persists-across-reload/trace.zip
    Usage:

        npx playwright show-trace test-results/chart-zoom.browser-the-cho-27522-ange-persists-across-reload/trace.zip

    ────────────────────────────────────────────────────────────────────────────────────────────────

  4) packages/ui/test/original-layout.browser.spec.ts:108:1 › chart maximise fills the main area, keeps the toolbar, and restores 

    Error: Browser diagnostics not clean — 2 categories with issues:
    ✗ console errors (1):
        Failed to load resource: the server responded with a status of 500 (Internal Server Error)
    ✗ same-origin network failures (2):
        500 http://localhost:4100/src/shells/original/OriginalShell.vue?t=1784776074921
        FAILED http://localhost:4100/src/shells/original/OriginalShell.vue?t=1784776074921 — net::ERR_ABORTED

       at fixtures.ts:118

      116 |     }
      117 |     if (failures.length) {
    > 118 |       throw new Error(`Browser diagnostics not clean — ${failures.length} categor${failures.length === 1 ? 'y' : 'ies'} with issues:\n${failures.join('\n')}`);
          |             ^
      119 |     }
      120 |   }, { auto: true }],
      121 | });
        at Object.base.extend.browserLog.auto (/home/john/work/winisd/openisd/packages/ui/test/fixtures.ts:118:13)

    Error Context: test-results/original-layout.browser-ch-ddf5b-ps-the-toolbar-and-restores/error-context.md

    attachment #3: trace (application/zip) ─────────────────────────────────────────────────────────
    test-results/original-layout.browser-ch-ddf5b-ps-the-toolbar-and-restores/trace.zip
    Usage:

        npx playwright show-trace test-results/original-layout.browser-ch-ddf5b-ps-the-toolbar-and-restores/trace.zip

    ────────────────────────────────────────────────────────────────────────────────────────────────

  5) packages/ui/test/original-skin.browser.spec.ts:379:1 › Original save bar is no taller than its buttons (compact legend) 

    Error: page.evaluate: TypeError: Cannot read properties of null (reading 'getBoundingClientRect')
        at eval (eval at evaluate (:303:30), <anonymous>:6:23)
        at UtilityScript.evaluate (<anonymous>:305:16)
        at UtilityScript.<anonymous> (<anonymous>:1:44)
        at eval (eval at evaluate (:303:30), <anonymous>:6:23)
        at UtilityScript.evaluate (<anonymous>:305:16)
        at UtilityScript.<anonymous> (<anonymous>:1:44)
        at /home/john/work/winisd/openisd/packages/ui/test/original-skin.browser.spec.ts:381:40

    Error Context: test-results/original-skin.browser-Orig-af5fa-its-buttons-compact-legend-/error-context.md

    attachment #3: trace (application/zip) ─────────────────────────────────────────────────────────
    test-results/original-skin.browser-Orig-af5fa-its-buttons-compact-legend-/trace.zip
    Usage:

        npx playwright show-trace test-results/original-skin.browser-Orig-af5fa-its-buttons-compact-legend-/trace.zip

    ────────────────────────────────────────────────────────────────────────────────────────────────

  6) packages/ui/test/save-export.browser.spec.ts:77:3 › Original skin — Save / Save-As-&-Export › Save-As/Export menu → Save as WinISD project (.wpr) downloads a well-formed INI file 

    Error: Browser diagnostics not clean — 2 categories with issues:
    ✗ console errors (2):
        Failed to load resource: the server responded with a status of 500 (Internal Server Error)
        [vite] Failed to reload /src/shells/original/OriginalShell.vue. This could be due to syntax errors or importing non-existent modules. (see errors above)
    ✗ same-origin network failures (2):
        500 http://localhost:4100/src/shells/original/OriginalShell.vue?t=1784776074921
        FAILED http://localhost:4100/src/shells/original/OriginalShell.vue?t=1784776074921 — net::ERR_ABORTED

       at fixtures.ts:118

      116 |     }
      117 |     if (failures.length) {
    > 118 |       throw new Error(`Browser diagnostics not clean — ${failures.length} categor${failures.length === 1 ? 'y' : 'ies'} with issues:\n${failures.join('\n')}`);
          |             ^
      119 |     }
      120 |   }, { auto: true }],
      121 | });
        at Object.base.extend.browserLog.auto (/home/john/work/winisd/openisd/packages/ui/test/fixtures.ts:118:13)

    Error Context: test-results/save-export.browser-Origin-819c1-oads-a-well-formed-INI-file/error-context.md

    attachment #3: trace (application/zip) ─────────────────────────────────────────────────────────
    test-results/save-export.browser-Origin-819c1-oads-a-well-formed-INI-file/trace.zip
    Usage:

        npx playwright show-trace test-results/save-export.browser-Origin-819c1-oads-a-well-formed-INI-file/trace.zip

    ────────────────────────────────────────────────────────────────────────────────────────────────

  7) packages/ui/test/visual.browser.spec.ts:147:1 › SPL panel renders correctly for passive radiator 30L box 

    Error: Browser diagnostics not clean — 2 categories with issues:
    ✗ console errors (1):
        Failed to load resource: the server responded with a status of 500 (Internal Server Error)
    ✗ same-origin network failures (2):
        500 http://localhost:4100/src/shells/original/OriginalShell.vue?t=1784776074921
        FAILED http://localhost:4100/src/shells/original/OriginalShell.vue?t=1784776074921 — net::ERR_ABORTED

       at fixtures.ts:118

      116 |     }
      117 |     if (failures.length) {
    > 118 |       throw new Error(`Browser diagnostics not clean — ${failures.length} categor${failures.length === 1 ? 'y' : 'ies'} with issues:\n${failures.join('\n')}`);
          |             ^
      119 |     }
      120 |   }, { auto: true }],
      121 | });
        at Object.base.extend.browserLog.auto (/home/john/work/winisd/openisd/packages/ui/test/fixtures.ts:118:13)

    Error Context: test-results/visual.browser-SPL-panel-r-4dc17-or-passive-radiator-30L-box/error-context.md

    attachment #3: trace (application/zip) ─────────────────────────────────────────────────────────
    test-results/visual.browser-SPL-panel-r-4dc17-or-passive-radiator-30L-box/trace.zip
    Usage:

        npx playwright show-trace test-results/visual.browser-SPL-panel-r-4dc17-or-passive-radiator-30L-box/trace.zip

    ────────────────────────────────────────────────────────────────────────────────────────────────

  7 failed
    packages/ui/test/app.browser.spec.ts:59:1 › shared BoxPanel reads decimal places from the field registry (vent diameter = 2 dp) 
    packages/ui/test/app.browser.spec.ts:67:1 › share link encodes state in URL hash ───────────────
    packages/ui/test/chart-zoom.browser.spec.ts:39:1 › the chosen frequency range persists across reload 
    packages/ui/test/original-layout.browser.spec.ts:108:1 › chart maximise fills the main area, keeps the toolbar, and restores 
    packages/ui/test/original-skin.browser.spec.ts:379:1 › Original save bar is no taller than its buttons (compact legend) 
    packages/ui/test/save-export.browser.spec.ts:77:3 › Original skin — Save / Save-As-&-Export › Save-As/Export menu → Save as WinISD project (.wpr) downloads a well-formed INI file 
    packages/ui/test/visual.browser.spec.ts:147:1 › SPL panel renders correctly for passive radiator 30L box 
  1 skipped
  112 passed (5.9m)
ci: exit 1 — log retained at ci-logs/ci-20260723T030541Z.log
